
> react-example@0.0.0 test
> vitest run


[1m[30m[46m RUN [49m[39m[22m [36mv4.1.10 [39m[90m/app/applet[39m

 [31m❯[39m src/infrastructure/repositories/__tests__/proposal.repository.test.ts [2m([22m[2m6 tests[22m[2m | [22m[31m6 failed[39m[2m)[22m[32m 66[2mms[22m[39m
[31m     [31m×[31m should save and find a proposal by id with nested classes and schedules[39m[32m 52[2mms[22m[39m
[31m     [31m×[31m should update an existing proposal, removing nested classes and schedules[39m[32m 3[2mms[22m[39m
[31m     [31m×[31m should find active draft proposal[39m[32m 3[2mms[22m[39m
[31m     [31m×[31m should not return committed or archived proposals as active draft[39m[32m 2[2mms[22m[39m
[31m     [31m×[31m should soft delete (archive) a draft proposal and update status to Archived[39m[32m 3[2mms[22m[39m
[31m     [31m×[31m should throw error when attempting to archive a non-draft proposal[39m[32m 2[2mms[22m[39m
 [31m❯[39m src/infrastructure/repositories/__tests__/book.repository.test.ts [2m([22m[2m6 tests[22m[2m | [22m[31m6 failed[39m[2m)[22m[32m 29[2mms[22m[39m
[31m     [31m×[31m should save and find a book by id[39m[32m 14[2mms[22m[39m
[31m     [31m×[31m should return null for invalid ID[39m[32m 3[2mms[22m[39m
[31m     [31m×[31m should update an existing book[39m[32m 3[2mms[22m[39m
[31m     [31m×[31m should soft delete (archive) a book[39m[32m 2[2mms[22m[39m
[31m     [31m×[31m should retrieve multiple books[39m[32m 3[2mms[22m[39m
[31m     [31m×[31m findMany should return empty array when passed empty array[39m[32m 2[2mms[22m[39m
 [31m❯[39m src/infrastructure/repositories/__tests__/student.repository.test.ts [2m([22m[2m6 tests[22m[2m | [22m[31m6 failed[39m[2m)[22m[32m 56[2mms[22m[39m
[31m     [31m×[31m should save and find a student by id with preference[39m[32m 42[2mms[22m[39m
[31m     [31m×[31m should save and find a student without preference[39m[32m 3[2mms[22m[39m
[31m     [31m×[31m should update an existing student and preference[39m[32m 3[2mms[22m[39m
[31m     [31m×[31m should soft delete (archive) a student[39m[32m 3[2mms[22m[39m
[31m     [31m×[31m should retrieve multiple students with preferences[39m[32m 2[2mms[22m[39m
[31m     [31m×[31m rollback on failure: should not insert student if preference insert fails[39m[32m 2[2mms[22m[39m
 [31m❯[39m src/infrastructure/repositories/__tests__/teacher.repository.test.ts [2m([22m[2m5 tests[22m[2m | [22m[31m5 failed[39m[2m)[22m[32m 84[2mms[22m[39m
[31m     [31m×[31m should save and find a teacher by id with preference and skills[39m[32m 19[2mms[22m[39m
[31m     [31m×[31m should save and find a teacher without preference and skills[39m[32m 11[2mms[22m[39m
[31m     [31m×[31m should update an existing teacher, preference, and skills[39m[32m 3[2mms[22m[39m
[31m     [31m×[31m should soft delete (archive) a teacher[39m[32m 2[2mms[22m[39m
[31m     [31m×[31m rollback on failure: should not insert teacher if skills insert fails[39m[32m 2[2mms[22m[39m
 [31m❯[39m src/domain/services/scheduling-engine/pipeline/__tests__/optimizer.test.ts [2m([22m[2m12 tests[22m[2m | [22m[31m1 failed[39m[2m)[22m[32m 20[2mms[22m[39m
[31m     [31m×[31m returns empty list for empty input[39m[32m 9[2mms[22m[39m
     [32m✓[39m accepts a single candidate[32m 1[2mms[22m[39m
     [32m✓[39m accepts multiple non-conflicting candidates[32m 1[2mms[22m[39m
     [32m✓[39m rejects candidate with teacher conflict[32m 1[2mms[22m[39m
     [32m✓[39m rejects candidate with student conflict[32m 0[2mms[22m[39m
     [32m✓[39m highest score wins in conflict[32m 0[2mms[22m[39m
     [32m✓[39m deterministic ordering for same scores[32m 0[2mms[22m[39m
     [32m✓[39m rejects candidate if teacher exceeds maxWeeklySessions (max = 1)[32m 0[2mms[22m[39m
     [32m✓[39m accepts both candidates if maxWeeklySessions is 2[32m 2[2mms[22m[39m
     [32m✓[39m rejects candidate if teacher already reached maxWeeklySessions with active classes[32m 1[2mms[22m[39m
     [32m✓[39m does not assign Teacher A to both overlapping classes (double-booking protection)[32m 0[2mms[22m[39m
     [32m✓[39m allows two classes with different teachers and different students to occupy the same time slot (parallel classes)[32m 2[2mms[22m[39m
 [31m❯[39m src/domain/services/scheduling-engine/pipeline/__tests__/candidate-generator.test.ts [2m([22m[2m11 tests[22m[2m | [22m[31m11 failed[39m[2m)[22m[32m 28[2mms[22m[39m
[31m     [31m×[31m generates a successful candidate[39m[32m 9[2mms[22m[39m
[31m     [31m×[31m skips if zero students[39m[32m 1[2mms[22m[39m
[31m     [31m×[31m splits group if size exceeds maximum capacity[39m[32m 2[2mms[22m[39m
[31m     [31m×[31m skips if incompatible teacher/book[39m[32m 1[2mms[22m[39m
[31m     [31m×[31m skips if teacher unavailable due to pattern[39m[32m 8[2mms[22m[39m
[31m     [31m×[31m skips if teacher unavailable due to time range[39m[32m 1[2mms[22m[39m
[31m     [31m×[31m skips if slot conflicts with immutable existing class for teacher[39m[32m 1[2mms[22m[39m
[31m     [31m×[31m allows candidate if student available according to preference[39m[32m 1[2mms[22m[39m
[31m     [31m×[31m skips if student unavailable on that day[39m[32m 1[2mms[22m[39m
[31m     [31m×[31m skips if student unavailable during that time[39m[32m 1[2mms[22m[39m
[31m     [31m×[31m skips if slot conflicts with existing class for student[39m[32m 1[2mms[22m[39m
 [31m❯[39m src/infrastructure/repositories/__tests__/exam.repository.test.ts [2m([22m[2m5 tests[22m[2m | [22m[31m5 failed[39m[2m)[22m[32m 34[2mms[22m[39m
[31m     [31m×[31m should save and find an exam result by id[39m[32m 17[2mms[22m[39m
[31m     [31m×[31m should return null for invalid ID[39m[32m 4[2mms[22m[39m
[31m     [31m×[31m should update an existing exam result[39m[32m 4[2mms[22m[39m
[31m     [31m×[31m should retrieve multiple exam results[39m[32m 3[2mms[22m[39m
[31m     [31m×[31m should find all exams[39m[32m 4[2mms[22m[39m
 [31m❯[39m src/application/use-cases/proposals/__tests__/proposal-lifecycle.integration.test.ts [2m([22m[2m4 tests[22m[2m | [22m[31m4 failed[39m[2m)[22m[32m 28[2mms[22m[39m
[31m     [31m×[31m Scenario 1: Generate -> Review -> Manual Edit -> Commit (Full Persistence Verification)[39m[32m 18[2mms[22m[39m
[31m     [31m×[31m Scenario 2: Generate -> Archive (Persistence Verification)[39m[32m 2[2mms[22m[39m
[31m     [31m×[31m Scenario 3: Single Active Draft Enforcement[39m[32m 3[2mms[22m[39m
[31m     [31m×[31m Scenario 4: Commit/Archive/Edit Protection on non-draft proposals[39m[32m 2[2mms[22m[39m
 [31m❯[39m src/infrastructure/repositories/__tests__/class.repository.test.ts [2m([22m[2m3 tests[22m[2m | [22m[31m3 failed[39m[2m)[22m[32m 21[2mms[22m[39m
[31m     [31m×[31m should save and find a class by id with schedules and enrollments[39m[32m 13[2mms[22m[39m
[31m     [31m×[31m should update an existing class, removing schedules and enrollments[39m[32m 3[2mms[22m[39m
[31m     [31m×[31m should soft delete (archive) a class[39m[32m 3[2mms[22m[39m
 [31m❯[39m src/infrastructure/repositories/__tests__/dummy.test.ts [2m([22m[2m1 test[22m[2m | [22m[31m1 failed[39m[2m)[22m[32m 16[2mms[22m[39m
[31m     [31m×[31m should initialize and migrate memory db[39m[32m 14[2mms[22m[39m
 [31m❯[39m src/domain/services/scheduling-engine/__tests__/scheduling-engine.test.ts [2m([22m[2m2 tests[22m[2m | [22m[31m1 failed[39m[2m)[22m[32m 20[2mms[22m[39m
[31m     [31m×[31m executes the pipeline in the correct order and returns the proposal[39m[32m 16[2mms[22m[39m
     [32m✓[39m handles empty pipeline correctly when candidates are rejected or none generated[32m 2[2mms[22m[39m
 [32m✓[39m src/application/use-cases/proposals/__tests__/create-proposal.use-case.test.ts [2m([22m[2m2 tests[22m[2m)[22m[32m 13[2mms[22m[39m
 [32m✓[39m src/application/use-cases/students/__tests__/update-student.use-case.test.ts [2m([22m[2m4 tests[22m[2m)[22m[32m 15[2mms[22m[39m
 [32m✓[39m src/application/use-cases/proposals/__tests__/generate-proposal.integration.test.ts [2m([22m[2m7 tests[22m[2m)[22m[32m 18[2mms[22m[39m
 [32m✓[39m src/application/use-cases/proposals/__tests__/generate-proposal.use-case.test.ts [2m([22m[2m2 tests[22m[2m)[22m[32m 15[2mms[22m[39m
 [32m✓[39m src/application/use-cases/students/__tests__/promote-student.use-case.test.ts [2m([22m[2m8 tests[22m[2m)[22m[32m 18[2mms[22m[39m
 [32m✓[39m src/application/use-cases/teachers/__tests__/update-teacher.use-case.test.ts [2m([22m[2m4 tests[22m[2m)[22m[32m 15[2mms[22m[39m
 [32m✓[39m src/application/use-cases/enrollments/__tests__/enroll-student.use-case.test.ts [2m([22m[2m3 tests[22m[2m)[22m[32m 14[2mms[22m[39m
 [32m✓[39m src/application/use-cases/proposals/__tests__/update-proposal.use-case.test.ts [2m([22m[2m3 tests[22m[2m)[22m[32m 15[2mms[22m[39m
 [32m✓[39m src/application/use-cases/classes/__tests__/update-class.use-case.test.ts [2m([22m[2m3 tests[22m[2m)[22m[32m 15[2mms[22m[39m
 [32m✓[39m src/application/use-cases/proposals/__tests__/commit-proposal.use-case.test.ts [2m([22m[2m3 tests[22m[2m)[22m[32m 16[2mms[22m[39m
 [32m✓[39m src/application/use-cases/teachers/__tests__/create-teacher.use-case.test.ts [2m([22m[2m3 tests[22m[2m)[22m[32m 15[2mms[22m[39m
 [32m✓[39m src/application/use-cases/classes/__tests__/create-class.use-case.test.ts [2m([22m[2m2 tests[22m[2m)[22m[32m 14[2mms[22m[39m
 [32m✓[39m src/application/use-cases/students/__tests__/create-student.use-case.test.ts [2m([22m[2m3 tests[22m[2m)[22m[32m 13[2mms[22m[39m
 [32m✓[39m src/application/use-cases/enrollments/__tests__/move-student-between-classes.use-case.test.ts [2m([22m[2m1 test[22m[2m)[22m[32m 13[2mms[22m[39m
 [32m✓[39m src/application/use-cases/books/__tests__/create-book.use-case.test.ts [2m([22m[2m1 test[22m[2m)[22m[32m 14[2mms[22m[39m
 [32m✓[39m src/application/use-cases/exams/__tests__/create-exam.use-case.test.ts [2m([22m[2m2 tests[22m[2m)[22m[32m 12[2mms[22m[39m
 [32m✓[39m src/application/use-cases/books/__tests__/update-book.use-case.test.ts [2m([22m[2m2 tests[22m[2m)[22m[32m 56[2mms[22m[39m
 [32m✓[39m src/application/use-cases/proposals/__tests__/approve-proposal.use-case.test.ts [2m([22m[2m2 tests[22m[2m)[22m[32m 45[2mms[22m[39m
 [32m✓[39m src/application/use-cases/exams/__tests__/update-exam.use-case.test.ts [2m([22m[2m3 tests[22m[2m)[22m[32m 49[2mms[22m[39m
 [32m✓[39m src/domain/services/scheduling-engine/pipeline/__tests__/time-slot-generator.test.ts [2m([22m[2m4 tests[22m[2m)[22m[32m 8[2mms[22m[39m
 [32m✓[39m src/application/use-cases/enrollments/__tests__/unenroll-student.use-case.test.ts [2m([22m[2m2 tests[22m[2m)[22m[32m 10[2mms[22m[39m
 [32m✓[39m src/domain/services/scheduling-engine/pipeline/__tests__/proposal-assembler.test.ts [2m([22m[2m4 tests[22m[2m)[22m[32m 8[2mms[22m[39m
 [32m✓[39m src/application/use-cases/proposals/__tests__/reject-proposal.use-case.test.ts [2m([22m[2m2 tests[22m[2m)[22m[32m 9[2mms[22m[39m
[90mstdout[2m | src/application/use-cases/books/__tests__/get-active-books.use-case.test.ts[2m > [22m[2mGetActiveBooksUseCase[2m > [22m[2mshould return all active books
[22m[39m[5] GetActiveBooksUseCase.execute() called
GetActiveBooksUseCase.execute() called

[90mstdout[2m | src/application/use-cases/books/__tests__/get-active-books.use-case.test.ts[2m > [22m[2mGetActiveBooksUseCase[2m > [22m[2mshould return all active books
[22m[39mGetActiveBooksUseCase.execute() returning: [
  {
    id: [32m'b-1'[39m,
    name: [32m'Book 1'[39m,
    level: [33m1[39m,
    sequenceOrder: [33m1[39m,
    sessionCount: [33m10[39m
  }
]

 [32m✓[39m src/application/use-cases/books/__tests__/get-active-books.use-case.test.ts [2m([22m[2m1 test[22m[2m)[22m[32m 7[2mms[22m[39m
 [32m✓[39m src/application/use-cases/proposals/manual-editing/__tests__/manual-editing.test.ts [2m([22m[2m2 tests[22m[2m)[22m[32m 6[2mms[22m[39m
 [32m✓[39m src/application/use-cases/proposals/__tests__/get-proposal-by-id.use-case.test.ts [2m([22m[2m1 test[22m[2m)[22m[32m 5[2mms[22m[39m
 [32m✓[39m src/application/use-cases/classes/__tests__/get-class-by-id.use-case.test.ts [2m([22m[2m1 test[22m[2m)[22m[32m 6[2mms[22m[39m
 [32m✓[39m src/application/use-cases/classes/__tests__/get-active-classes.use-case.test.ts [2m([22m[2m1 test[22m[2m)[22m[32m 6[2mms[22m[39m
 [32m✓[39m src/application/use-cases/teachers/__tests__/get-teacher-by-id.use-case.test.ts [2m([22m[2m1 test[22m[2m)[22m[32m 5[2mms[22m[39m
 [32m✓[39m src/application/use-cases/students/__tests__/archive-student.use-case.test.ts [2m([22m[2m1 test[22m[2m)[22m[32m 6[2mms[22m[39m
 [32m✓[39m src/application/use-cases/books/__tests__/get-book-by-id.use-case.test.ts [2m([22m[2m1 test[22m[2m)[22m[32m 5[2mms[22m[39m
 [32m✓[39m src/application/use-cases/teachers/__tests__/archive-teacher.use-case.test.ts [2m([22m[2m1 test[22m[2m)[22m[32m 5[2mms[22m[39m
 [32m✓[39m src/application/use-cases/proposals/__tests__/archive-proposal.use-case.test.ts [2m([22m[2m1 test[22m[2m)[22m[32m 6[2mms[22m[39m
 [32m✓[39m src/application/use-cases/students/__tests__/get-student-by-id.use-case.test.ts [2m([22m[2m1 test[22m[2m)[22m[32m 6[2mms[22m[39m
 [32m✓[39m src/application/use-cases/teachers/__tests__/get-active-teachers.use-case.test.ts [2m([22m[2m1 test[22m[2m)[22m[32m 5[2mms[22m[39m
 [32m✓[39m src/application/use-cases/exams/__tests__/get-exam-by-id.use-case.test.ts [2m([22m[2m1 test[22m[2m)[22m[32m 6[2mms[22m[39m
 [32m✓[39m src/application/use-cases/books/__tests__/archive-book.use-case.test.ts [2m([22m[2m1 test[22m[2m)[22m[32m 6[2mms[22m[39m
 [32m✓[39m src/application/use-cases/classes/__tests__/archive-class.use-case.test.ts [2m([22m[2m1 test[22m[2m)[22m[32m 5[2mms[22m[39m
 [32m✓[39m src/application/use-cases/classes/__tests__/get-all-classes.use-case.test.ts [2m([22m[2m1 test[22m[2m)[22m[32m 5[2mms[22m[39m
 [32m✓[39m src/application/use-cases/teachers/__tests__/get-all-teachers.use-case.test.ts [2m([22m[2m1 test[22m[2m)[22m[32m 5[2mms[22m[39m
 [32m✓[39m src/application/use-cases/proposals/__tests__/get-active-proposals.use-case.test.ts [2m([22m[2m1 test[22m[2m)[22m[32m 6[2mms[22m[39m
 [32m✓[39m src/application/use-cases/exams/__tests__/get-all-exams.use-case.test.ts [2m([22m[2m1 test[22m[2m)[22m[32m 6[2mms[22m[39m
 [32m✓[39m src/application/use-cases/books/__tests__/get-all-books.use-case.test.ts [2m([22m[2m1 test[22m[2m)[22m[32m 5[2mms[22m[39m
 [32m✓[39m src/application/use-cases/proposals/__tests__/get-all-proposals.use-case.test.ts [2m([22m[2m1 test[22m[2m)[22m[32m 37[2mms[22m[39m
 [32m✓[39m src/application/use-cases/students/__tests__/get-active-students.use-case.test.ts [2m([22m[2m1 test[22m[2m)[22m[32m 5[2mms[22m[39m
 [32m✓[39m src/application/use-cases/students/__tests__/get-all-students.use-case.test.ts [2m([22m[2m1 test[22m[2m)[22m[32m 5[2mms[22m[39m

[2m Test Files [22m [1m[31m11 failed[39m[22m[2m | [22m[1m[32m46 passed[39m[22m[90m (57)[39m
[2m      Tests [22m [1m[31m49 failed[39m[22m[2m | [22m[1m[32m106 passed[39m[22m[90m (155)[39m
[2m   Start at [22m 00:52:43
[2m   Duration [22m 27.05s[2m (transform 1.11s, setup 0ms, import 8.32s, tests 980ms, environment 8ms)[22m

